Microsoft Windows [Version 10.0.19045.4170]
(c) Microsoft Corporation. All rights reserved.

C:\Users\benja>cd IH-Labs

C:\Users\benja\IH-Labs>git clone https://github.com/BenDueVar/lab-bash.git
Cloning into 'lab-bash'...
remote: Enumerating objects: 40, done.
remote: Total 40 (delta 0), reused 0 (delta 0), pack-reused 40
Receiving objects: 100% (40/40), 12.63 KiB | 994.00 KiB/s, done.
Resolving deltas: 100% (11/11), done.

C:\Users\benja\IH-Labs>dir
 Volume in drive C is OS
 Volume Serial Number is C27F-15EB

 Directory of C:\Users\benja\IH-Labs

01-Apr-24  11:57    <DIR>          .
01-Apr-24  11:57    <DIR>          ..
01-Apr-24  11:57    <DIR>          lab-bash
               0 File(s)              0 bytes
               3 Dir(s)  35,510,636,544 bytes free

C:\Users\benja\IH-Labs>cd lab-bash

C:\Users\benja\IH-Labs\lab-bash>dir
 Volume in drive C is OS
 Volume Serial Number is C27F-15EB

 Directory of C:\Users\benja\IH-Labs\lab-bash

01-Apr-24  11:57    <DIR>          .
01-Apr-24  11:57    <DIR>          ..
01-Apr-24  11:57             6,148 .DS_Store
01-Apr-24  11:57    <DIR>          .github
01-Apr-24  11:57    <DIR>          exercices
01-Apr-24  11:57    <DIR>          inputs
01-Apr-24  11:57    <DIR>          lorem
01-Apr-24  11:57    <DIR>          lorem-copy
01-Apr-24  11:57    <DIR>          outputs
01-Apr-24  11:57             2,597 readme.md
               2 File(s)          8,745 bytes
               8 Dir(s)  35,514,109,952 bytes free

C:\Users\benja\IH-Labs\lab-bash>echo Hello World
Hello World

C:\Users\benja\IH-Labs\lab-bash>mkdir new_dir

C:\Users\benja\IH-Labs\lab-bash>rmdir new_dir

C:\Users\benja\IH-Labs\lab-bash>cd lorem

C:\Users\benja\IH-Labs\lab-bash\lorem>copy sed.txt C:\Users\benja\IH-Labs\lab-bash\lorem-copy
        1 file(s) copied.

C:\Users\benja\IH-Labs\lab-bash\lorem>dir
 Volume in drive C is OS
 Volume Serial Number is C27F-15EB

 Directory of C:\Users\benja\IH-Labs\lab-bash\lorem

01-Apr-24  11:57    <DIR>          .
01-Apr-24  11:57    <DIR>          ..
01-Apr-24  11:57               863 at.txt
01-Apr-24  11:57               861 at.txte
01-Apr-24  11:57               451 lorem.txt
01-Apr-24  11:57               900 sed.txt
               4 File(s)          3,075 bytes
               2 Dir(s)  35,509,465,088 bytes free

C:\Users\benja\IH-Labs\lab-bash\lorem>copy at.txt; lorem.txt C:\Users\benja\IH-Labs\lab-bash\lorem-copy
The syntax of the command is incorrect.

C:\Users\benja\IH-Labs\lab-bash\lorem>copy at.txt C:\Users\benja\IH-Labs\lab-bash\lorem-copy; copy lorem.txt C:\Users\benja\IH-Labs\lab-bash\lorem-copy
The syntax of the command is incorrect.

C:\Users\benja\IH-Labs\lab-bash\lorem>copy at.txt C:\Users\benja\IH-Labs\lab-bash\lorem-copy ; copy lorem.txt C:\Users\benja\IH-Labs\lab-bash\lorem-copy
The syntax of the command is incorrect.

C:\Users\benja\IH-Labs\lab-bash\lorem>copy lorem.txt C:\Users\benja\IH-Labs\lab-bash\lorem-copy ; copy at.txt C:\Users\benja\IH-Labs\lab-bash\lorem-copy
The syntax of the command is incorrect.

C:\Users\benja\IH-Labs\lab-bash\lorem>copy lorem.txt C:\Users\benja\IH-Labs\lab-bash\lorem-copy
        1 file(s) copied.

C:\Users\benja\IH-Labs\lab-bash\lorem>copy at.txt C:\Users\benja\IH-Labs\lab-bash\lorem-copy
        1 file(s) copied.

C:\Users\benja\IH-Labs\lab-bash\lorem>copy lorem.txt C:\Users\benja\IH-Labs\lab-bash\lorem-copy;copy at.txt C:\Users\benja\IH-Labs\lab-bash\lorem-copy
The syntax of the command is incorrect.

C:\Users\benja\IH-Labs\lab-bash\lorem>copy at.txt C:\Users\benja\IH-Labs\lab-bash\lorem-copy; copy lorem.txt C:\Users\benja\IH-Labs\lab-bash\lorem-copy
The syntax of the command is incorrect.

C:\Users\benja\IH-Labs\lab-bash\lorem>copy "lorem.txt" C:\Users\benja\IH-Labs\lab-bash\lorem-copy; copy "at.txt" C:\Users\benja\IH-Labs\lab-bash\lorem-copy
The syntax of the command is incorrect.

C:\Users\benja\IH-Labs\lab-bash\lorem>copy "lorem.txt" "C:\Users\benja\IH-Labs\lab-bash\lorem-copy"; copy "at.txt" "C:\Users\benja\IH-Labs\lab-bash\lorem-copy"
The syntax of the command is incorrect.

C:\Users\benja\IH-Labs\lab-bash\lorem>copy "lorem.txt" C:\Users\benja\IH-Labs\lab-bash\lorem-copy ; copy "at.txt" C:\Users\benja\IH-Labs\lab-bash\lorem-copy
The syntax of the command is incorrect.

C:\Users\benja\IH-Labs\lab-bash\lorem>copy "lorem.txt" "C:\Users\benja\IH-Labs\lab-bash\lorem-copy" ; copy "at.txt" "C:\Users\benja\IH-Labs\lab-bash\lorem-copy"
The syntax of the command is incorrect.

C:\Users\benja\IH-Labs\lab-bash\lorem>type sed.txt
Sed ut perspiciatis unde omnis iste natus error sit voluptatem accusantium doloremque laudantium,
totam rem aperiam, eaque ipsa quae ab illo inventore veritatis et quasi architecto beatae vitae dicta sunt explicabo.
Nemo enim ipsam voluptatem quia voluptas sit aspernatur aut odit aut fugit,
sed quia consequuntur magni dolores eos qui ratione voluptatem sequi nesciunt.
Neque porro quisquam est, qui dolorem ipsum quia dolor sit amet, consectetur, adipisci velit,
sed quia non numquam eius modi tempora incidunt ut labore et dolore magnam aliquam quaerat voluptatem.
Ut enim ad minima veniam, quis nostrum exercitationem ullam corporis suscipit laboriosam,
nisi ut aliquid ex ea commodi consequatur? Quis autem vel eum iure reprehenderit qui in ea voluptate velit esse quam nihil molestiae consequatur,
vel illum qui dolorem eum fugiat quo voluptas nulla pariatur?Homo homini lupus

C:\Users\benja\IH-Labs\lab-bash\lorem>type at.txt; type lorem.txt

at.txt


At vero eos ET accusamus ET iusto odio dignissimos ducimus qui blanditiis praesentium voluptatum
deleniti atque corrupti quos dolores ET quas molestias excepturi sint occaecati cupiditate non
provident, similique sunt in culpa qui officia deserunt mollitia animi, id est laborum ET dolorum fuga.
Et harum quidem rerum facilis est ET expedita distinctio.
Nam libero tempore, cum soluta nobis est eligendi optio cumque nihil impedit quo minus id quod
maxime placeat facere possimus, omnis voluptas assumenda est, omnis dolor repellendus.
Temporibus autem quibusdam ET aut officiis debitis aut rerum necessitatibus saepe eveniET
ut ET voluptates repudiandae sint ET molestiae non recusandae.
Itaque earum rerum hic tenETur a sapiente delectus, ut aut reiciendis voluptatibus maiores
alias consequatur aut perferendis doloribus asperiores repellat
The system cannot find the file specified.
Error occurred while processing: type.

lorem.txt


Lorem ipsum dolor sit amet, consectetur adipiscing elit, sed do eiusmod tempor incididunt ut labore et dolore magna aliqua.
Ut enim ad minim veniam, quis nostrud exercitation ullamco laboris nisi ut aliquip ex ea commodo consequat.
Duis aute irure dolor in reprehenderit in voluptate velit esse cillum dolore eu fugiat nulla pariatur.
Excepteur sint occaecat cupidatat non proident, sunt in culpa qui officia deserunt mollit anim id est laborum.
C:\Users\benja\IH-Labs\lab-bash\lorem>copy lorem.txt C:\Users\benja\IH-Labs\lab-bash\lorem-copy; copy at.txt C:\Users\benja\IH-Labs\lab-bash\lorem-copy
The syntax of the command is incorrect.

C:\Users\benja\IH-Labs\lab-bash\lorem>cd lorem-copy
The system cannot find the path specified.

C:\Users\benja\IH-Labs\lab-bash\lorem>cd lab-bash
The system cannot find the path specified.

C:\Users\benja\IH-Labs\lab-bash\lorem>cd \

C:\>cd C:\Users\benja\IH-Labs\lab-bash

C:\Users\benja\IH-Labs\lab-bash>cd lorem-copy

C:\Users\benja\IH-Labs\lab-bash\lorem-copy>more +1 sed.txt  | find /N /V "" | findstr "[1-3]:"

C:\Users\benja\IH-Labs\lab-bash\lorem-copy>more +1 sed.txt
totam rem aperiam, eaque ipsa quae ab illo inventore veritatis et quasi architecto beatae vitae dicta sunt explicabo.
Nemo enim ipsam voluptatem quia voluptas sit aspernatur aut odit aut fugit,
sed quia consequuntur magni dolores eos qui ratione voluptatem sequi nesciunt.
Neque porro quisquam est, qui dolorem ipsum quia dolor sit amet, consectetur, adipisci velit,
sed quia non numquam eius modi tempora incidunt ut labore et dolore magnam aliquam quaerat voluptatem.
Ut enim ad minima veniam, quis nostrum exercitationem ullam corporis suscipit laboriosam,
nisi ut aliquid ex ea commodi consequatur? Quis autem vel eum iure reprehenderit qui in ea voluptate velit esse quam nihil molestiae consequatur,
vel illum qui dolorem eum fugiat quo voluptas nulla pariatur?Homo homini lupus

C:\Users\benja\IH-Labs\lab-bash\lorem-copy>more sed.txt findstr"[1-3]:"
Sed ut perspiciatis unde omnis iste natus error sit voluptatem accusantium doloremque laudantium,
totam rem aperiam, eaque ipsa quae ab illo inventore veritatis et quasi architecto beatae vitae dicta sunt explicabo.
Nemo enim ipsam voluptatem quia voluptas sit aspernatur aut odit aut fugit,
sed quia consequuntur magni dolores eos qui ratione voluptatem sequi nesciunt.
Neque porro quisquam est, qui dolorem ipsum quia dolor sit amet, consectetur, adipisci velit,
sed quia non numquam eius modi tempora incidunt ut labore et dolore magnam aliquam quaerat voluptatem.
Ut enim ad minima veniam, quis nostrum exercitationem ullam corporis suscipit laboriosam,
nisi ut aliquid ex ea commodi consequatur? Quis autem vel eum iure reprehenderit qui in ea voluptate velit esse quam nihil molestiae consequatur,
vel illum qui dolorem eum fugiat quo voluptas nulla pariatur?Homo homini lupus
^C
C:\Users\benja\IH-Labs\lab-bash\lorem-copy>type sed.txt
Sed ut perspiciatis unde omnis iste natus error sit voluptatem accusantium doloremque laudantium,
totam rem aperiam, eaque ipsa quae ab illo inventore veritatis et quasi architecto beatae vitae dicta sunt explicabo.
Nemo enim ipsam voluptatem quia voluptas sit aspernatur aut odit aut fugit,
sed quia consequuntur magni dolores eos qui ratione voluptatem sequi nesciunt.
Neque porro quisquam est, qui dolorem ipsum quia dolor sit amet, consectetur, adipisci velit,
sed quia non numquam eius modi tempora incidunt ut labore et dolore magnam aliquam quaerat voluptatem.
Ut enim ad minima veniam, quis nostrum exercitationem ullam corporis suscipit laboriosam,
nisi ut aliquid ex ea commodi consequatur? Quis autem vel eum iure reprehenderit qui in ea voluptate velit esse quam nihil molestiae consequatur,
vel illum qui dolorem eum fugiat quo voluptas nulla pariatur?Homo homini lupus

C:\Users\benja\IH-Labs\lab-bash\lorem-copy>more sed.txt P 3
Sed ut perspiciatis unde omnis iste natus error sit voluptatem accusantium doloremque laudantium,
totam rem aperiam, eaque ipsa quae ab illo inventore veritatis et quasi architecto beatae vitae dicta sunt explicabo.
Nemo enim ipsam voluptatem quia voluptas sit aspernatur aut odit aut fugit,
sed quia consequuntur magni dolores eos qui ratione voluptatem sequi nesciunt.
Neque porro quisquam est, qui dolorem ipsum quia dolor sit amet, consectetur, adipisci velit,
sed quia non numquam eius modi tempora incidunt ut labore et dolore magnam aliquam quaerat voluptatem.
Ut enim ad minima veniam, quis nostrum exercitationem ullam corporis suscipit laboriosam,
nisi ut aliquid ex ea commodi consequatur? Quis autem vel eum iure reprehenderit qui in ea voluptate velit esse quam nihil molestiae consequatur,
vel illum qui dolorem eum fugiat quo voluptas nulla pariatur?Homo homini lupus
^C
C:\Users\benja\IH-Labs\lab-bash\lorem-copy>findstr /n . sed.txt   | findstr "^[0-3]:"
1:Sed ut perspiciatis unde omnis iste natus error sit voluptatem accusantium doloremque laudantium,
2:totam rem aperiam, eaque ipsa quae ab illo inventore veritatis et quasi architecto beatae vitae dicta sunt explicabo.
3:Nemo enim ipsam voluptatem quia voluptas sit aspernatur aut odit aut fugit,

C:\Users\benja\IH-Labs\lab-bash\lorem-copy>find /C /V "" sed.txt

---------- SED.TXT: 9

C:\Users\benja\IH-Labs\lab-bash\lorem-copy>findstr /n . sed.txt   | findstr "^[7-9]:"
7:Ut enim ad minima veniam, quis nostrum exercitationem ullam corporis suscipit laboriosam,
8:nisi ut aliquid ex ea commodi consequatur? Quis autem vel eum iure reprehenderit qui in ea voluptate velit esse quam nihil molestiae consequatur,
9:vel illum qui dolorem eum fugiat quo voluptas nulla pariatur?Homo homini lupus

C:\Users\benja\IH-Labs\lab-bash\lorem-copy>echo Homo homini lupus. >> sed.txt

C:\Users\benja\IH-Labs\lab-bash\lorem-copy>findstr /n . sed.txt   | findstr "^[7-9]:"
7:Ut enim ad minima veniam, quis nostrum exercitationem ullam corporis suscipit laboriosam,
8:nisi ut aliquid ex ea commodi consequatur? Quis autem vel eum iure reprehenderit qui in ea voluptate velit esse quam nihil molestiae consequatur,
9:vel illum qui dolorem eum fugiat quo voluptas nulla pariatur?Homo homini lupus

C:\Users\benja\IH-Labs\lab-bash\lorem-copy>findstr /n . sed.txt   | findstr "^[8-10]:"

C:\Users\benja\IH-Labs\lab-bash\lorem-copy>find /C /V "" sed.txt

---------- SED.TXT: 10

C:\Users\benja\IH-Labs\lab-bash\lorem-copy>findstr /n . sed.txt   | findstr "^[8-10]:"

C:\Users\benja\IH-Labs\lab-bash\lorem-copy>findstr /n . sed.txt   | findstr "^[7-10]:"

C:\Users\benja\IH-Labs\lab-bash\lorem-copy>findstr /n . sed.txt
1:Sed ut perspiciatis unde omnis iste natus error sit voluptatem accusantium doloremque laudantium,
2:totam rem aperiam, eaque ipsa quae ab illo inventore veritatis et quasi architecto beatae vitae dicta sunt explicabo.
3:Nemo enim ipsam voluptatem quia voluptas sit aspernatur aut odit aut fugit,
4:sed quia consequuntur magni dolores eos qui ratione voluptatem sequi nesciunt.
5:Neque porro quisquam est, qui dolorem ipsum quia dolor sit amet, consectetur, adipisci velit,
6:sed quia non numquam eius modi tempora incidunt ut labore et dolore magnam aliquam quaerat voluptatem.
7:Ut enim ad minima veniam, quis nostrum exercitationem ullam corporis suscipit laboriosam,
8:nisi ut aliquid ex ea commodi consequatur? Quis autem vel eum iure reprehenderit qui in ea voluptate velit esse quam nihil molestiae consequatur,
9:vel illum qui dolorem eum fugiat quo voluptas nulla pariatur?Homo homini lupus
10:Homo homini lupus.

C:\Users\benja\IH-Labs\lab-bash\lorem-copy>findstr /n . sed.txt   | findstr "^[8-10]:"

C:\Users\benja\IH-Labs\lab-bash\lorem-copy>findstr /n . sed.txt   | findstr "^[8-9]:"
8:nisi ut aliquid ex ea commodi consequatur? Quis autem vel eum iure reprehenderit qui in ea voluptate velit esse quam nihil molestiae consequatur,
9:vel illum qui dolorem eum fugiat quo voluptas nulla pariatur?Homo homini lupus

C:\Users\benja\IH-Labs\lab-bash\lorem-copy>findstr /n . sed.txt   | findstr "^[10]:"
1:Sed ut perspiciatis unde omnis iste natus error sit voluptatem accusantium doloremque laudantium,

C:\Users\benja\IH-Labs\lab-bash\lorem-copy>findstr /n . sed.txt | findstr "^10:"
10:Homo homini lupus.

C:\Users\benja\IH-Labs\lab-bash\lorem-copy>findstr /n . sed.txt | findstr "^[8-9]:\|^10:"

C:\Users\benja\IH-Labs\lab-bash\lorem-copy>findstr /n . sed.txt | findstr "^[8-9]:\|^10:"

C:\Users\benja\IH-Labs\lab-bash\lorem-copy>findstr /n . sed.txt | findstr "^[8-9]:" |"^10:"
'"^10:"' is not recognized as an internal or external command,
operable program or batch file.

C:\Users\benja\IH-Labs\lab-bash\lorem-copy>findstr /n . sed.txt | findstr "^[8-9]:" | findstr "^10:"

C:\Users\benja\IH-Labs\lab-bash\lorem-copy>findstr /n . sed.txt | findstr "^10:"
10:Homo homini lupus.

C:\Users\benja\IH-Labs\lab-bash\lorem-copy>findstr /n . sed.txt | findstr "^[8-9]:"
8:nisi ut aliquid ex ea commodi consequatur? Quis autem vel eum iure reprehenderit qui in ea voluptate velit esse quam nihil molestiae consequatur,
9:vel illum qui dolorem eum fugiat quo voluptas nulla pariatur?Homo homini lupus

C:\Users\benja\IH-Labs\lab-bash\lorem-copy>findstr /n . sed.txt | findstr "^[8-9]:\|^10:"

C:\Users\benja\IH-Labs\lab-bash\lorem-copy>findstr /n . sed.txt | findstr "^[8-9]:";

C:\Users\benja\IH-Labs\lab-bash\lorem-copy>findstr /n . sed.txt | findstr "^[8-9]:"
8:nisi ut aliquid ex ea commodi consequatur? Quis autem vel eum iure reprehenderit qui in ea voluptate velit esse quam nihil molestiae consequatur,
9:vel illum qui dolorem eum fugiat quo voluptas nulla pariatur?Homo homini lupus

C:\Users\benja\IH-Labs\lab-bash\lorem-copy>findstr /n . sed.txt | findstr "^[8-9]:\|^10:"

######--------------------------- BASH CHANGE -------------------------######


benja@LAPTOP-HBNJRQMO MINGW64 ~
$ dir
00_Jupyter         Dati\ applicazioni  Impostazioni\ locali   NTUSER.DAT
3D\ Objects        Desktop             IntelGraphicsProfiles  NTUSER.DAT{53b39e88-18c4-11ea-a811-000d3aa
AppData            Documenti           Links                  NTUSER.DAT{53b39e88-18c4-11ea-a811-000d3aa
Application\ Data  Downloads           Menu\ Avvio            NTUSER.DAT{53b39e88-18c4-11ea-a811-000d3aa
Calibre\ Library   Evernote            MicrosoftEdgeBackups   OneDrive
Contacts           Favorites           Modelli                Pictures
Cookies            IH-Labs             Music                  Recenti

benja@LAPTOP-HBNJRQMO MINGW64 ~
$ cd IH-Labs

benja@LAPTOP-HBNJRQMO MINGW64 ~/IH-Labs
$ cd lab-bash

benja@LAPTOP-HBNJRQMO MINGW64 ~/IH-Labs/lab-bash (master)
$ cd lorem-copy

benja@LAPTOP-HBNJRQMO MINGW64 ~/IH-Labs/lab-bash/lorem-copy (master)
$ tail -n3 sed.txt
nisi ut aliquid ex ea commodi consequatur? Quis autem vel eum iure reprehenderit qui in ea voluptate vel
vel illum qui dolorem eum fugiat quo voluptas nulla pariatur?Homo homini lupus
Homo homini lupus.

benja@LAPTOP-HBNJRQMO MINGW64 ~/IH-Labs/lab-bash/lorem-copy (master)
$ ^C

benja@LAPTOP-HBNJRQMO MINGW64 ~/IH-Labs/lab-bash/lorem-copy (master)
$ sed -i 's/et/ET/g' lorem/at.txt
sed: can't read lorem/at.txt: No such file or directory

benja@LAPTOP-HBNJRQMO MINGW64 ~/IH-Labs/lab-bash/lorem-copy (master)
$ \
> cd..
bash: cd..: command not found

benja@LAPTOP-HBNJRQMO MINGW64 ~/IH-Labs/lab-bash/lorem-copy (master)
$ cd..
bash: cd..: command not found

benja@LAPTOP-HBNJRQMO MINGW64 ~/IH-Labs/lab-bash/lorem-copy (master)
$ cd-
bash: cd-: command not found

benja@LAPTOP-HBNJRQMO MINGW64 ~/IH-Labs/lab-bash/lorem-copy (master)
$ cd -
/c/Users/benja/IH-Labs/lab-bash

benja@LAPTOP-HBNJRQMO MINGW64 ~/IH-Labs/lab-bash (master)
$ dir
exercices  inputs  lorem  lorem-copy  outputs  readme.md

benja@LAPTOP-HBNJRQMO MINGW64 ~/IH-Labs/lab-bash (master)
$ cd lorem

benja@LAPTOP-HBNJRQMO MINGW64 ~/IH-Labs/lab-bash/lorem (master)
$ dir
at.txt  at.txte  lorem.txt  sed.txt

benja@LAPTOP-HBNJRQMO MINGW64 ~/IH-Labs/lab-bash/lorem (master)
$ sed -i 's/et/ET/g' lorem/at.txt
sed: can't read lorem/at.txt: No such file or directory

benja@LAPTOP-HBNJRQMO MINGW64 ~/IH-Labs/lab-bash/lorem (master)
$ sed -i 's/et/ET/g' ~/lorem/at.txt
sed: can't read /c/Users/benja/lorem/at.txt: No such file or directory

benja@LAPTOP-HBNJRQMO MINGW64 ~/IH-Labs/lab-bash/lorem (master)
$ sed -i 's/et/ET/g' ~/IH-Labs/lab-bash/lorem/at.txt

benja@LAPTOP-HBNJRQMO MINGW64 ~/IH-Labs/lab-bash/lorem (master)
$ whoami
benja

benja@LAPTOP-HBNJRQMO MINGW64 ~/IH-Labs/lab-bash/lorem (master)
$ id -u -n
benja


benja@LAPTOP-HBNJRQMO MINGW64 ~/IH-Labs/lab-bash/lorem (master)
$ dir
at.txt  at.txte  lorem.txt  sed.txt


benja@LAPTOP-HBNJRQMO MINGW64 ~/IH-Labs/lab-bash/lorem (master)
$ find ~/IH-Labs/lab-bash/lorem/ -type f -name '*.txt'
/c/Users/benja/IH-Labs/lab-bash/lorem/at.txt
/c/Users/benja/IH-Labs/lab-bash/lorem/lorem.txt
/c/Users/benja/IH-Labs/lab-bash/lorem/sed.txt

benja@LAPTOP-HBNJRQMO MINGW64 ~/IH-Labs/lab-bash/lorem (master)
$ cat sed.txt | wc -l
9

benja@LAPTOP-HBNJRQMO MINGW64 ~/IH-Labs/lab-bash/lorem (master)
$ cd -
/c/Users/benja/IH-Labs/lab-bash

benja@LAPTOP-HBNJRQMO MINGW64 ~/IH-Labs/lab-bash (master)
$ ls -Uba1 | grep '^lorem' | wc -l
2

---------------------- BONUS ---------------------

benja@LAPTOP-HBNJRQMO MINGW64 ~
$ read -p "please enter your name" my_name
please enter your name Ben

benja@LAPTOP-HBNJRQMO MINGW64 ~
$ echo my_name
my_name

benja@LAPTOP-HBNJRQMO MINGW64 ~
$ echo $my_name!
Ben!

benja@LAPTOP-HBNJRQMO MINGW64 ~
$ dir
00_Jupyter
3D\ Objects
AppData
Application\ Data
Calibre\ Library
Contacts
Cookies
Dati\ applicazioni
Desktop
Documenti
Downloads
Evernote
Favorites
IH-Labs
Impostazioni\ locali
IntelGraphicsProfiles
Links
Menu\ Avvio
MicrosoftEdgeBackups
Modelli
Music
NTUSER.DAT
NTUSER.DAT{53b39e88-18c4-11ea-a811-000d3aa4692b}.TM.blf
NTUSER.DAT{53b39e88-18c4-11ea-a811-000d3aa4692b}.TMContainer00000000000000000001.regtrans-ms
NTUSER.DAT{53b39e88-18c4-11ea-a811-000d3aa4692b}.TMContainer00000000000000000002.regtrans-ms
OneDrive
Pictures
Recenti
Risorse\ di\ rete
Risorse\ di\ stampa
Saved\ Games
Searches
SendTo
Sti_Trace.log
Videos
VirtualBox\ VMs
anaconda3
ansel
ntuser.dat.LOG1
ntuser.dat.LOG2
ntuser.ini

benja@LAPTOP-HBNJRQMO MINGW64 ~
$ cd IH-Labs

benja@LAPTOP-HBNJRQMO MINGW64 ~/IH-Labs
$ cd IRONBEN

benja@LAPTOP-HBNJRQMO MINGW64 ~/IH-Labs/IRONBEN (main)
$ mkdir $my_name

benja@LAPTOP-HBNJRQMO MINGW64 ~/IH-Labs/IRONBEN (main)
$ dir
Ben  README.md  about.txt


